[33mcommit 4eb3968e4532dc4d6ea07d6ae21d8800ddded1b4[m[33m ([m[1;36mHEAD -> [m[1;32mmaster[m[33m)[m
Merge: c79fec3 4f9034a
Author: Serhii Zikratyi <zikratiy@gmail.com>
Date:   Wed Jan 1 20:44:48 2020 +0200

    Merge branch 'master' of https://github.com/zikratyi/Test-Angular-app

[33mcommit c79fec31775b8faf9e14f9129eb194b55883a541[m[33m ([m[1;32mtest[m[33m)[m
Author: Serhii Zikratyi <zikratiy@gmail.com>
Date:   Wed Jan 1 20:26:26 2020 +0200

    [ADD] Add Component Login, add method's work with Subject

[33mcommit 613a88d327237545975383bf835772de279349a1[m
Author: Serhii Zikratyi <zikratiy@gmail.com>
Date:   Tue Dec 31 21:56:53 2019 +0200

    [ADD] Add new componets subject, add-subject

[33mcommit 4f9034a15b2d18107d3efe5d1a2fee81b6a755cd[m[33m ([m[1;31morigin/test[m[33m, [m[1;31morigin/master[m[33m)[m
Author: Serhii <serhii.zikratyi@gmail.com>
Date:   Thu Dec 26 15:21:44 2019 +0200

    Set theme jekyll-theme-slate

[33mcommit 3c122f810d2d036c9f2b4d6faf51dbd528f923e5[m
Author: Serhii Zikratyi <zikratiy@gmail.com>
Date:   Tue Dec 24 09:18:08 2019 +0200

    Initial commit

[33mcommit 038eb823e8b41da3d6936c3d4e2da05948db1878[m
Author: Сергій Вікторович Зікратий <zikratiy@gmail.com>
Date:   Fri Dec 20 08:24:01 2019 +0200

    initial commit
